//! 显式静态快照中的单条语音转录；不认证账号来源、不猜分片、不创建 SILK 中转文件。
use crate::toolkit::asr::{database_media, transcribe_audio_bytes};
use anyhow::Result;
use clap::Args;
use serde_json::{json, Value};
use std::path::PathBuf;

#[derive(Args)]
pub struct TranscribeDatabaseNativeArgs {
    /// 显式单账号静态已解密根目录；来源由调用方保证，并非已认证账号
    #[arg(long)]
    pub decrypted_dir: PathBuf,
    /// 精确 username，不按昵称或备注推断
    #[arg(long)]
    pub username: String,
    /// 完整消息分片来源，例如 message/message_0.db
    #[arg(long)]
    pub source: String,
    /// 此消息分片中该联系人消息表的 local_id，不是媒体库 local_id
    #[arg(long, value_parser = clap::value_parser!(i64).range(1..))]
    pub local_id: i64,
    #[command(flatten)]
    pub backend: super::asr::BackendArgs,
}

pub fn cmd_transcribe_database_native(args: TranscribeDatabaseNativeArgs) -> Result<()> {
    let output = transcribe(args)?;
    println!("{}", serde_json::to_string_pretty(&output)?);
    Ok(())
}

fn transcribe(args: TranscribeDatabaseNativeArgs) -> Result<Value> {
    // 后端构建先检查显式上传授权，授权失败时不读取数据库或音频。
    let backend = args.backend.build()?;
    let voice = database_media::resolve_voice(
        &args.decrypted_dir,
        database_media::MessageIdentity {
            username: &args.username,
            source: &args.source,
            local_id: args.local_id,
        },
    )?;
    let result = transcribe_audio_bytes(&voice.silk, &backend)?;
    let evidence = voice.evidence;
    // 显式挑选来源字段，绝不序列化原始音频或凭证，也不声称快照账号已认证。
    Ok(json!({
        "transcription": result,
        "evidence": {
            "account_authenticated": false,
            "account_provenance": "caller_supplied_decrypted_snapshot",
            "username": evidence.username,
            "message_source": evidence.message_source,
            "message_table": evidence.message_table,
            "message_local_id": evidence.message_local_id,
            "server_id": evidence.server_id,
            "create_time": evidence.create_time,
            "media_source": evidence.media_source,
            "media_rowid": evidence.media_rowid,
            "media_chat_name_id": evidence.media_chat_name_id,
            "media_local_id": evidence.media_local_id,
        }
    }))
}

#[cfg(test)]
mod tests {
    use super::*;
    use clap::{CommandFactory, Parser};
    use rusqlite::Connection;
    use std::{fs, path::Path};

    #[derive(Parser)]
    struct TestCli {
        #[command(flatten)]
        args: TranscribeDatabaseNativeArgs,
    }

    fn args(root: &Path, source: &str, engine: &Path) -> TranscribeDatabaseNativeArgs {
        let input = vec![
            "wx".to_owned(),
            "--decrypted-dir".into(),
            root.to_string_lossy().into_owned(),
            "--username".into(),
            "alice".into(),
            "--source".into(),
            source.into(),
            "--local-id".into(),
            "7".into(),
            "--whisper-binary".into(),
            engine.join("fake.exe").to_string_lossy().into_owned(),
            "--whisper-model".into(),
            engine.join("model.bin").to_string_lossy().into_owned(),
            "--temp-root".into(),
            engine.to_string_lossy().into_owned(),
            "--language".into(),
            "zh".into(),
            "--threads".into(),
            "2".into(),
        ];
        TestCli::try_parse_from(input).unwrap().args
    }

    fn databases(root: &Path) {
        fs::create_dir(root.join("message")).unwrap();
        let table = format!("Msg_{:x}", md5::compute("alice"));
        for (shard, server) in [(0, 100), (1, 200)] {
            let conn = Connection::open(root.join(format!("message/message_{shard}.db"))).unwrap();
            conn.execute_batch(&format!("CREATE TABLE [{table}](local_id INTEGER,local_type INTEGER,server_id INTEGER,create_time INTEGER); INSERT INTO [{table}] VALUES(7,34,{server},123)")).unwrap();
        }
        let media = Connection::open(root.join("message/media_8.db")).unwrap();
        media.execute_batch("CREATE TABLE Name2Id(user_name TEXT); INSERT INTO Name2Id(rowid,user_name) VALUES(9,'alice'); CREATE TABLE VoiceInfo(chat_name_id INTEGER,local_id INTEGER,svr_id INTEGER,create_time INTEGER,voice_data BLOB)").unwrap();
        for server in [100, 200] {
            media
                .execute(
                    "INSERT INTO VoiceInfo VALUES(9,700,?1,123,?2)",
                    rusqlite::params![
                        server,
                        include_bytes!("../../tests/fixtures/audio/silence.silk").as_slice()
                    ],
                )
                .unwrap();
        }
    }

    fn snapshot(root: &Path) -> Vec<(String, Vec<u8>)> {
        let mut data: Vec<_> = fs::read_dir(root.join("message"))
            .unwrap()
            .map(|entry| {
                let entry = entry.unwrap();
                (
                    entry.file_name().to_string_lossy().into_owned(),
                    fs::read(entry.path()).unwrap(),
                )
            })
            .collect();
        data.sort();
        data
    }

    #[test]
    fn args_and_handler_contract_require_full_explicit_identity() {
        TestCli::command().debug_assert();
        let _: fn(TranscribeDatabaseNativeArgs) -> Result<()> = cmd_transcribe_database_native;
        assert!(TestCli::try_parse_from(["wx"]).is_err());
        assert!(TestCli::try_parse_from([
            "wx",
            "--decrypted-dir",
            "root",
            "--username",
            "alice",
            "--source",
            "message/message_0.db",
            "--local-id",
            "0"
        ])
        .is_err());
    }

    #[test]
    fn cloud_authorization_precedes_credentials_and_database_access() {
        let parsed = TestCli::try_parse_from([
            "wx",
            "--decrypted-dir",
            "missing-root",
            "--username",
            "alice",
            "--source",
            "message/message_0.db",
            "--local-id",
            "7",
            "--backend",
            "explicit-open-ai",
            "--api-key-file",
            "missing.key",
        ])
        .unwrap();
        assert!(transcribe(parsed.args)
            .unwrap_err()
            .to_string()
            .contains("--allow-upload"));
    }

    #[test]
    fn ambiguous_database_stops_before_starting_backend() {
        let root = tempfile::tempdir().unwrap();
        databases(root.path());
        let media = root.path().join("message/media_8.db");
        Connection::open(&media)
            .unwrap()
            .execute_batch("INSERT INTO VoiceInfo SELECT * FROM VoiceInfo WHERE svr_id=100")
            .unwrap();
        let before = snapshot(root.path());
        let result = transcribe(args(root.path(), "message/message_0.db", root.path()));
        let error = result.unwrap_err();
        assert_eq!(
            error
                .downcast_ref::<database_media::DatabaseMediaError>()
                .unwrap()
                .kind,
            database_media::ErrorKind::AmbiguousMedia
        );
        assert_eq!(before, snapshot(root.path()));
    }

    #[test]
    fn unsupported_silk_is_not_staged_or_sent_to_model() {
        let root = tempfile::tempdir().unwrap();
        databases(root.path());
        Connection::open(root.path().join("message/media_8.db"))
            .unwrap()
            .execute(
                "UPDATE VoiceInfo SET voice_data=?1",
                [b"#!SILK_V3invalid".as_slice()],
            )
            .unwrap();
        let before = snapshot(root.path());
        assert!(transcribe(args(root.path(), "message/message_0.db", root.path())).is_err());
        assert_eq!(before, snapshot(root.path()));
        assert_eq!(fs::read_dir(root.path()).unwrap().count(), 1);
    }

    #[test]
    fn synthetic_database_to_local_bytes_pipeline_has_evidence_without_audio() {
        let root = tempfile::tempdir().unwrap();
        let engine = tempfile::tempdir().unwrap();
        databases(root.path());
        let source = Path::new(env!("CARGO_MANIFEST_DIR")).join("tests/fixtures/asr-local/fake.rs");
        let mut command = std::process::Command::new("rustc");
        command
            .arg("--edition=2021")
            .arg(source)
            .arg("-o")
            .arg(engine.path().join("fake.exe"));
        #[cfg(windows)]
        {
            use std::os::windows::process::CommandExt;
            command.creation_flags(0x0800_0000);
        }
        eprintln!("synthetic compiler command: {command:?}");
        let output = command.output().unwrap();
        eprint!(
            "{}{}",
            String::from_utf8_lossy(&output.stdout),
            String::from_utf8_lossy(&output.stderr)
        );
        assert!(output.status.success());
        fs::write(engine.path().join("model.bin"), "ok").unwrap();
        let before = snapshot(root.path());
        let engine_files = fs::read_dir(engine.path()).unwrap().count();
        for (source, server) in [("message/message_0.db", 100), ("message/message_1.db", 200)] {
            let value = transcribe(args(root.path(), source, engine.path())).unwrap();
            assert_eq!(value["transcription"]["text"], "hello world");
            assert_eq!(value["transcription"]["backend"], "whisper_cpp");
            assert_eq!(value["evidence"]["message_source"], source);
            assert_eq!(value["evidence"]["server_id"], server);
            assert_eq!(value["evidence"]["media_local_id"], 700);
            assert_eq!(value["evidence"]["account_authenticated"], false);
            assert_eq!(value.as_object().unwrap().len(), 2);
            for forbidden in ["silk", "voice_data", "audio", "api_key", "decrypted_dir"] {
                assert!(!value["evidence"]
                    .as_object()
                    .unwrap()
                    .contains_key(forbidden));
                assert!(!value.as_object().unwrap().contains_key(forbidden));
            }
        }
        assert_eq!(before, snapshot(root.path()));
        assert_eq!(engine_files, fs::read_dir(engine.path()).unwrap().count());
        assert_eq!(fs::read_dir(root.path()).unwrap().count(), 1);
    }
}
//! delta 命令编排；账号查询经现有 IPC，文件发布只处理原始增量模型。
use crate::toolkit::chat_delta::{ContactMetadata, DeltaChat, DeltaRunWriter, DeltaWindow};
use anyhow::{ensure, Context, Result};
use serde_json::{json, Value};
use std::collections::HashSet;
use std::path::{Component, Path, PathBuf};

#[derive(clap::Args)]
pub struct Args {
    /// 输出根目录；默认须全新，--append-run 可复用已有普通目录
    pub output: PathBuf,
    /// 精确 username，逗号分隔；默认 WECHAT_EXPORT_USERS 或全部会话
    #[arg(long)]
    pub users: Option<String>,
    /// 含端点的起始时间：本地日期、日期时间或 Unix 秒
    #[arg(long, allow_hyphen_values = true)]
    pub start: String,
    /// 含端点的结束时间；仅日期表示当天零点
    #[arg(long, allow_hyphen_values = true)]
    pub end: Option<String>,
    /// 批次目录名；默认本机时间及纳秒，不接受路径或设备名
    #[arg(long)]
    pub run_id: Option<String>,
    /// 在已有输出根目录中创建全新批次，不覆盖任何已有 run
    #[arg(long)]
    pub append_run: bool,
}

pub fn cmd(args: Args) -> Result<()> {
    let start = super::export_chats::parse_timestamp(&args.start)?;
    let end = args
        .end
        .as_deref()
        .map(super::export_chats::parse_timestamp)
        .transpose()?;
    ensure!(
        end.is_none_or(|end| start <= end),
        "起始时间不能晚于结束时间"
    );
    let now = chrono::Local::now();
    let window = DeltaWindow {
        start: Some(start),
        end,
        run_id: args
            .run_id
            .unwrap_or_else(|| now.format("%Y%m%d_%H%M%S_%9f").to_string()),
        utc_offset_seconds: now.offset().local_minus_utc(),
        generated_at: now.format("%Y-%m-%d %H:%M:%S").to_string(),
    };
    // 时间、批次名及原始路径的校验必须先于账号读取和任何写入。
    window.validate()?;
    ensure!(
        !args
            .output
            .components()
            .any(|c| matches!(c, Component::ParentDir)),
        "输出路径不能包含 .."
    );
    let output = std::path::absolute(&args.output)?;
    let runtime = crate::runtime::RuntimeContext::load()?;
    super::export_chat::validate_output_for(&runtime, &output)?;
    let filter = args
        .users
        .unwrap_or_else(|| std::env::var("WECHAT_EXPORT_USERS").unwrap_or_default());
    let users: Vec<String> = if filter.trim().is_empty() {
        let response = super::transport::send_for(&runtime, crate::ipc::Request::ExportChatList)?;
        let targets: Vec<crate::message::export::Target> =
            serde_json::from_value(response.data["chats"].clone())?;
        targets.into_iter().map(|target| target.username).collect()
    } else {
        filter
            .split(',')
            .map(str::trim)
            .filter(|s| !s.is_empty())
            .map(str::to_owned)
            .collect()
    };
    let dispatch = |query: DeltaQuery| {
        Ok(super::transport::send_for(
            &runtime,
            crate::ipc::Request::ExportDelta {
                username: query.username,
                start: query.start,
                end: query.end,
            },
        )?
        .data)
    };
    let report = if args.append_run {
        export_delta_with_mode(&output, &users, window, true, dispatch)?
    } else {
        cmd_export_delta(&output, &users, window, dispatch)?
    };
    println!("{}", serde_json::to_string_pretty(&report)?);
    ensure!(
        report["success"] == true,
        "部分增量会话导出失败，详见 manifest"
    );
    Ok(())
}

/// dispatcher 可直接映射为 Request::ExportDelta { username, start, end }。
#[derive(Clone, Debug, PartialEq, Eq)]
pub struct DeltaQuery {
    pub username: String,
    pub start: i64,
    pub end: Option<i64>,
}

/// 请求响应必须是完整 DeltaChat JSON；summary/history 响应会明确失败。
/// 返回 success=false 仍有已落盘的失败 manifest；调用者据此设置非零退出码。
pub fn cmd_export_delta<F>(
    output_root: &Path,
    usernames: &[String],
    window: DeltaWindow,
    dispatch: F,
) -> Result<Value>
where
    F: FnMut(DeltaQuery) -> Result<Value>,
{
    export_delta_with_mode(output_root, usernames, window, false, dispatch)
}

fn export_delta_with_mode<F>(
    output_root: &Path,
    usernames: &[String],
    window: DeltaWindow,
    append_run: bool,
    mut dispatch: F,
) -> Result<Value>
where
    F: FnMut(DeltaQuery) -> Result<Value>,
{
    window.validate()?;
    ensure!(
        !usernames.is_empty(),
        "delta export requires explicit usernames"
    );
    ensure!(usernames.iter().all(|s| !s.is_empty()), "username 不能为空");
    let start = window.start.context("delta export requires start_ts")?;
    let end = window.end;
    let mut writer = if append_run {
        DeltaRunWriter::create_run_in_existing_root(output_root, window)?
    } else {
        DeltaRunWriter::create(output_root, window)?
    };
    let mut seen = HashSet::new();
    let mut results = Vec::new();
    for username in usernames {
        if !seen.insert(username) {
            continue;
        }
        let response = (|| -> Result<(DeltaChat, Option<Value>)> {
            let value = dispatch(DeltaQuery {
                username: username.clone(),
                start,
                end,
            })?;
            let warnings = value.get("metadata_warnings").cloned();
            let chat: DeltaChat = serde_json::from_value(value)
                .context("delta IPC response must contain raw DeltaChat fields")?;
            ensure!(chat.username == *username, "delta IPC username mismatch");
            Ok((chat, warnings))
        })();
        let (chat, warnings) = response.unwrap_or_else(|error| {
            (
                DeltaChat {
                    username: username.clone(),
                    display_name: username.clone(),
                    is_group: username.ends_with("@chatroom"),
                    contact: ContactMetadata::default(),
                    messages: Vec::new(),
                    source_error: Some(format!("delta query error: {error:#}")),
                },
                None,
            )
        });
        let mut result = writer.write_chat(&chat);
        if let Some(warnings) = warnings {
            result["metadata_warnings"] = warnings;
        }
        results.push(result);
    }
    let manifest = writer.finish()?;
    Ok(json!({
        "success": results.iter().all(|result| result["success"] == true),
        "manifest_path": manifest,
        "chats_checked": results.len(),
        "messages_exported": results.iter().filter_map(|result| result["message_count"].as_u64()).sum::<u64>(),
        "results": results,
    }))
}

#[cfg(test)]
#[path = "../../tests/fixtures/delta-query/cli_tests.rs"]
mod tests;
