//! 显式离线快照中的语音关联。仅返回原始字节及证据，不解码、不上传、不写文件。
use rusqlite::{Connection, OpenFlags};
use std::{
    fmt, fs,
    path::{Path, PathBuf},
};

pub const MAX_VOICE_BYTES: usize = 16 * 1024 * 1024;
const MAX_MEDIA_SHARDS: usize = 1024;

#[derive(Debug, Clone, Copy, PartialEq, Eq)]
pub enum ErrorKind {
    InvalidIdentity,
    UnsafePath,
    ActiveDatabase,
    MissingDatabase,
    UnsupportedSchema,
    InvalidMessage,
    NotVoice,
    MessageNotFound,
    AmbiguousMessage,
    AmbiguousContact,
    MediaNotFound,
    AmbiguousMedia,
    ConflictingEvidence,
    InvalidVoiceData,
    LimitExceeded,
    DatabaseRead,
    SnapshotChanged,
}

/// 错误不包含原始 SQL、聊天内容或绝对路径，调用方可按 kind 分类处理。
#[derive(Debug, Clone, PartialEq, Eq)]
pub struct DatabaseMediaError {
    pub kind: ErrorKind,
    pub stage: &'static str,
}

impl fmt::Display for DatabaseMediaError {
    fn fmt(&self, f: &mut fmt::Formatter<'_>) -> fmt::Result {
        write!(f, "{:?}: {}", self.kind, self.stage)
    }
}
impl std::error::Error for DatabaseMediaError {}
type Result<T> = std::result::Result<T, DatabaseMediaError>;

fn error(kind: ErrorKind, stage: &'static str) -> DatabaseMediaError {
    DatabaseMediaError { kind, stage }
}

#[derive(Debug, Clone, Copy)]
pub struct MessageIdentity<'a> {
    pub username: &'a str,
    /// 必须是完整根相对来源：message/message_N.db，接受 Windows 分隔符。
    pub source: &'a str,
    pub local_id: i64,
}

#[derive(Debug, Clone, PartialEq, Eq)]
pub struct VoiceEvidence {
    pub username: String,
    pub message_source: String,
    pub message_table: String,
    pub message_local_id: i64,
    pub server_id: i64,
    pub create_time: i64,
    pub media_source: String,
    pub media_rowid: i64,
    pub media_chat_name_id: i64,
    /// 与 message_local_id 不必相等，禁止用于反推消息分片。
    pub media_local_id: i64,
}

#[derive(Clone, PartialEq, Eq)]
pub struct DatabaseVoice {
    /// 保留原始 SILK 字节，包括微信可能存在的 0x02 前缀。
    pub silk: Vec<u8>,
    pub evidence: VoiceEvidence,
}

impl fmt::Debug for DatabaseVoice {
    fn fmt(&self, f: &mut fmt::Formatter<'_>) -> fmt::Result {
        f.debug_struct("DatabaseVoice")
            .field("silk_bytes", &self.silk.len())
            .field("evidence", &self.evidence)
            .finish()
    }
}

/// 根目录必须由调用方保证来自同一账号的完整、静态已解密快照。
/// 先在指定消息分片查唯一行，再按精确 username + server_id 关联媒体并核对时间。
/// 不使用旧脚本的“任意媒体分片中第一个同 local_id”回退。
pub fn resolve_voice(
    decrypted_root: &Path,
    identity: MessageIdentity<'_>,
) -> Result<DatabaseVoice> {
    if identity.username.is_empty()
        || identity.username.len() > 1024
        || identity.username.chars().any(char::is_control)
        || identity.local_id <= 0
    {
        return Err(error(ErrorKind::InvalidIdentity, "username/local_id"));
    }
    let source = identity.source.replace('\\', "/");
    let file = source
        .strip_prefix("message/")
        .filter(|name| numbered_db(name, "message_"))
        .ok_or_else(|| {
            error(
                ErrorKind::InvalidIdentity,
                "source must be message/message_N.db",
            )
        })?;
    if !decrypted_root.is_absolute()
        || decrypted_root
            .components()
            .any(|part| matches!(part, std::path::Component::ParentDir))
    {
        return Err(error(ErrorKind::UnsafePath, "root must be absolute"));
    }
    for ancestor in decrypted_root.ancestors() {
        reject_reparse(ancestor)?;
    }
    let root = decrypted_root
        .canonicalize()
        .map_err(|_| error(ErrorKind::MissingDatabase, "root"))?;
    let directory = root.join("message");
    reject_reparse(&directory)?;
    let media_paths = media_shards(&directory)?;
    let message = ReadDb::open(&directory.join(file))?;
    let table = format!("Msg_{:x}", md5::compute(identity.username.as_bytes()));
    require_table(
        &message.conn,
        &table,
        &["local_id", "local_type", "create_time", "server_id"],
    )?;
    // 消息归属由实际 Msg_<md5(username)> 表及精确分片共同证明，不按昵称解析。
    let mut stmt = message
        .conn
        .prepare(&format!(
            "SELECT local_type, create_time, server_id, local_id FROM [{table}] WHERE local_id=?1 LIMIT 2"
        ))
        .map_err(|_| error(ErrorKind::DatabaseRead, "message query"))?;
    let mut rows = stmt
        .query([identity.local_id])
        .map_err(|_| error(ErrorKind::DatabaseRead, "message rows"))?;
    let row = rows
        .next()
        .map_err(|_| error(ErrorKind::DatabaseRead, "message row"))?
        .ok_or_else(|| error(ErrorKind::MessageNotFound, "exact source/table/local_id"))?;
    let local_type: i64 = row
        .get(0)
        .map_err(|_| error(ErrorKind::InvalidMessage, "local_type"))?;
    let create_time: i64 = row
        .get(1)
        .map_err(|_| error(ErrorKind::InvalidMessage, "create_time"))?;
    let server_id: i64 = row
        .get(2)
        .map_err(|_| error(ErrorKind::InvalidMessage, "server_id"))?;
    let proven_local_id: i64 = row
        .get(3)
        .map_err(|_| error(ErrorKind::InvalidMessage, "local_id must be an integer"))?;
    if proven_local_id != identity.local_id {
        return Err(error(
            ErrorKind::ConflictingEvidence,
            "message local_id mismatch",
        ));
    }
    if rows
        .next()
        .map_err(|_| error(ErrorKind::DatabaseRead, "message uniqueness"))?
        .is_some()
    {
        return Err(error(
            ErrorKind::AmbiguousMessage,
            "duplicate message local_id",
        ));
    }
    if local_type & 0xffff_ffff != 34 {
        return Err(error(ErrorKind::NotVoice, "message type"));
    }
    if server_id == 0 {
        return Err(error(
            ErrorKind::ConflictingEvidence,
            "zero server_id cannot prove join",
        ));
    }

    let mut match_data = None;
    let mut snapshots = Vec::new();
    for name in &media_paths {
        let db = ReadDb::open(&directory.join(name))?;
        require_table(&db.conn, "Name2Id", &["user_name"])?;
        require_table(
            &db.conn,
            "VoiceInfo",
            &[
                "chat_name_id",
                "local_id",
                "create_time",
                "svr_id",
                "voice_data",
            ],
        )?;
        let chat_id = contact_id(&db.conn, identity.username)?;
        if let Some(chat_id) = chat_id {
            let mut stmt = db.conn.prepare(
                "SELECT rowid, local_id, create_time, typeof(voice_data), length(voice_data), svr_id, chat_name_id FROM VoiceInfo WHERE chat_name_id=?1 AND svr_id=?2 LIMIT 2"
            ).map_err(|_| error(ErrorKind::UnsupportedSchema, "VoiceInfo rowid/query"))?;
            let mut rows = stmt
                .query([chat_id, server_id])
                .map_err(|_| error(ErrorKind::DatabaseRead, "media query"))?;
            if let Some(row) = rows
                .next()
                .map_err(|_| error(ErrorKind::DatabaseRead, "media row"))?
            {
                if match_data.is_some() {
                    return Err(error(
                        ErrorKind::AmbiguousMedia,
                        "multiple media shards match",
                    ));
                }
                let rowid: i64 = row
                    .get(0)
                    .map_err(|_| error(ErrorKind::ConflictingEvidence, "media rowid"))?;
                let media_local_id: i64 = row
                    .get(1)
                    .map_err(|_| error(ErrorKind::ConflictingEvidence, "media local_id"))?;
                let media_time: i64 = row
                    .get(2)
                    .map_err(|_| error(ErrorKind::ConflictingEvidence, "media time"))?;
                let kind: String = row
                    .get(3)
                    .map_err(|_| error(ErrorKind::InvalidVoiceData, "media storage type"))?;
                let length: Option<i64> = row
                    .get(4)
                    .map_err(|_| error(ErrorKind::InvalidVoiceData, "media length"))?;
                let proven_server: i64 = row.get(5).map_err(|_| {
                    error(
                        ErrorKind::ConflictingEvidence,
                        "media svr_id must be an integer",
                    )
                })?;
                let proven_chat: i64 = row.get(6).map_err(|_| {
                    error(
                        ErrorKind::ConflictingEvidence,
                        "media chat_name_id must be an integer",
                    )
                })?;
                if proven_server != server_id || proven_chat != chat_id {
                    return Err(error(
                        ErrorKind::ConflictingEvidence,
                        "media join identity mismatch",
                    ));
                }
                if rows
                    .next()
                    .map_err(|_| error(ErrorKind::DatabaseRead, "media uniqueness"))?
                    .is_some()
                {
                    return Err(error(ErrorKind::AmbiguousMedia, "duplicate VoiceInfo rows"));
                }
                if media_time != create_time {
                    return Err(error(
                        ErrorKind::ConflictingEvidence,
                        "message/media create_time differ",
                    ));
                }
                if kind != "blob" || !length.is_some_and(|n| n > 0 && n <= MAX_VOICE_BYTES as i64) {
                    return Err(error(
                        ErrorKind::InvalidVoiceData,
                        "empty/non-BLOB/oversized voice",
                    ));
                }
                // 长度检查先于 BLOB 取值；不把未知或巨大的媒体内容装进内存。
                let silk: Vec<u8> = db
                    .conn
                    .query_row(
                        "SELECT voice_data FROM VoiceInfo WHERE rowid=?1",
                        [rowid],
                        |row| row.get(0),
                    )
                    .map_err(|_| error(ErrorKind::DatabaseRead, "voice bytes"))?;
                let header = silk.strip_prefix(&[2]).unwrap_or(&silk);
                if !header.starts_with(b"#!SILK_V3") {
                    return Err(error(ErrorKind::InvalidVoiceData, "SILK_V3 header"));
                }
                match_data = Some(DatabaseVoice {
                    silk,
                    evidence: VoiceEvidence {
                        username: identity.username.into(),
                        message_source: source.clone(),
                        message_table: table.clone(),
                        message_local_id: identity.local_id,
                        server_id,
                        create_time,
                        media_source: format!("message/{name}"),
                        media_rowid: rowid,
                        media_chat_name_id: chat_id,
                        media_local_id,
                    },
                });
            }
        }
        snapshots.push(db);
    }
    if media_shards(&directory)? != media_paths {
        return Err(error(ErrorKind::SnapshotChanged, "media shard set"));
    }
    message.verify()?;
    for db in &snapshots {
        db.verify()?;
    }
    match_data.ok_or_else(|| {
        error(
            ErrorKind::MediaNotFound,
            "username/server_id in all provided media shards",
        )
    })
}

fn numbered_db(name: &str, prefix: &str) -> bool {
    name.strip_prefix(prefix)
        .and_then(|s| s.strip_suffix(".db"))
        .is_some_and(|digits| !digits.is_empty() && digits.bytes().all(|b| b.is_ascii_digit()))
}

fn media_shards(directory: &Path) -> Result<Vec<String>> {
    let mut names = Vec::new();
    for entry in fs::read_dir(directory)
        .map_err(|_| error(ErrorKind::MissingDatabase, "message directory"))?
    {
        let entry = entry.map_err(|_| error(ErrorKind::DatabaseRead, "list media shards"))?;
        let name = entry
            .file_name()
            .into_string()
            .map_err(|_| error(ErrorKind::UnsafePath, "non-UTF8 database filename"))?;
        if name.starts_with("media_") && name.ends_with(".db") {
            if !numbered_db(&name, "media_") {
                return Err(error(
                    ErrorKind::UnsupportedSchema,
                    "unrecognized media shard name",
                ));
            }
            reject_reparse(&entry.path())?;
            names.push(name);
            if names.len() > MAX_MEDIA_SHARDS {
                return Err(error(ErrorKind::LimitExceeded, "media shard count"));
            }
        }
    }
    names.sort();
    if names.is_empty() {
        return Err(error(ErrorKind::MissingDatabase, "no media shards"));
    }
    Ok(names)
}

fn require_table(conn: &Connection, table: &str, columns: &[&str]) -> Result<()> {
    let exists: bool = conn
        .query_row(
            "SELECT EXISTS(SELECT 1 FROM sqlite_master WHERE type='table' AND name=?1)",
            [table],
            |row| row.get(0),
        )
        .map_err(|_| error(ErrorKind::DatabaseRead, "schema catalog"))?;
    if !exists {
        return Err(error(
            ErrorKind::UnsupportedSchema,
            "required real table absent",
        ));
    }
    let mut stmt = conn
        .prepare(&format!("PRAGMA table_info([{table}])"))
        .map_err(|_| error(ErrorKind::UnsupportedSchema, "table_info"))?;
    let found = stmt
        .query_map([], |row| row.get::<_, String>(1))
        .map_err(|_| error(ErrorKind::DatabaseRead, "table columns"))?
        .collect::<std::result::Result<Vec<_>, _>>()
        .map_err(|_| error(ErrorKind::DatabaseRead, "table column names"))?;
    if columns
        .iter()
        .any(|required| !found.iter().any(|c| c.eq_ignore_ascii_case(required)))
    {
        return Err(error(
            ErrorKind::UnsupportedSchema,
            "required evidence column absent",
        ));
    }
    // rowid 必须是 SQLite 自身的行标识，不能被同名用户列冒充。
    if found.iter().any(|name| {
        ["rowid", "_rowid_", "oid"]
            .iter()
            .any(|alias| name.eq_ignore_ascii_case(alias))
    }) {
        return Err(error(ErrorKind::UnsupportedSchema, "shadowed SQLite rowid"));
    }
    Ok(())
}

fn contact_id(conn: &Connection, username: &str) -> Result<Option<i64>> {
    let mut stmt = conn
        .prepare("SELECT rowid FROM Name2Id WHERE user_name COLLATE BINARY = ?1 LIMIT 2")
        .map_err(|_| error(ErrorKind::UnsupportedSchema, "Name2Id rowid"))?;
    let ids = stmt
        .query_map([username], |row| row.get::<_, i64>(0))
        .map_err(|_| error(ErrorKind::DatabaseRead, "Name2Id query"))?
        .collect::<std::result::Result<Vec<_>, _>>()
        .map_err(|_| error(ErrorKind::DatabaseRead, "Name2Id result"))?;
    match ids.as_slice() {
        [] => Ok(None),
        [id] => Ok(Some(*id)),
        _ => Err(error(
            ErrorKind::AmbiguousContact,
            "duplicate Name2Id username",
        )),
    }
}

fn reject_reparse(path: &Path) -> Result<()> {
    let metadata = fs::symlink_metadata(path)
        .map_err(|_| error(ErrorKind::MissingDatabase, "path metadata"))?;
    #[cfg(windows)]
    {
        use std::os::windows::fs::MetadataExt;
        if metadata.file_attributes() & 0x400 != 0 {
            return Err(error(ErrorKind::UnsafePath, "reparse point"));
        }
    }
    if metadata.file_type().is_symlink() {
        return Err(error(ErrorKind::UnsafePath, "symbolic link"));
    }
    Ok(())
}

fn reject_sidecars(path: &Path) -> Result<()> {
    for suffix in ["-wal", "-shm", "-journal"] {
        let mut sidecar = path.as_os_str().to_owned();
        sidecar.push(suffix);
        match fs::symlink_metadata(Path::new(&sidecar)) {
            Ok(_) => {
                return Err(error(
                    ErrorKind::ActiveDatabase,
                    "WAL/SHM/journal must be absent",
                ))
            }
            Err(e) if e.kind() == std::io::ErrorKind::NotFound => {}
            Err(_) => return Err(error(ErrorKind::DatabaseRead, "sidecar metadata")),
        }
    }
    Ok(())
}

struct ReadDb {
    conn: Connection,
    path: PathBuf,
    // Windows 上持有禁止写入和删除的源句柄，直到关联检查完成。
    _guard: fs::File,
    length: u64,
    modified: std::time::SystemTime,
}

impl ReadDb {
    fn open(path: &Path) -> Result<Self> {
        reject_reparse(path)?;
        reject_sidecars(path)?;
        let mut options = fs::OpenOptions::new();
        options.read(true);
        #[cfg(windows)]
        {
            use std::os::windows::fs::OpenOptionsExt;
            options.share_mode(1);
        }
        let guard = options
            .open(path)
            .map_err(|_| error(ErrorKind::DatabaseRead, "lock read-only snapshot"))?;
        let metadata = guard
            .metadata()
            .map_err(|_| error(ErrorKind::DatabaseRead, "snapshot metadata"))?;
        if !metadata.is_file() {
            return Err(error(
                ErrorKind::UnsafePath,
                "database must be regular file",
            ));
        }
        // immutable 禁止 SQLite 创建 sidecar；只接受无 WAL 的静态副本，不能用于活动库。
        let raw = path
            .to_str()
            .ok_or_else(|| error(ErrorKind::UnsafePath, "non-UTF8 path"))?;
        let raw = raw.strip_prefix(r"\\?\").unwrap_or(raw).replace('\\', "/");
        if raw.starts_with("UNC/") || raw.starts_with("//") {
            return Err(error(
                ErrorKind::UnsafePath,
                "network snapshots unsupported",
            ));
        }
        let mut uri = String::from("file:///");
        for byte in raw.trim_start_matches('/').bytes() {
            if byte.is_ascii_alphanumeric() || b"/-_.:".contains(&byte) {
                uri.push(byte as char);
            } else {
                uri.push_str(&format!("%{byte:02X}"));
            }
        }
        uri.push_str("?mode=ro&immutable=1");
        let conn = Connection::open_with_flags(
            uri,
            OpenFlags::SQLITE_OPEN_READ_ONLY
                | OpenFlags::SQLITE_OPEN_URI
                | OpenFlags::SQLITE_OPEN_NO_MUTEX,
        )
        .map_err(|_| error(ErrorKind::DatabaseRead, "immutable SQLite open"))?;
        conn.pragma_update(None, "query_only", true)
            .map_err(|_| error(ErrorKind::DatabaseRead, "query_only"))?;
        Ok(Self {
            conn,
            path: path.into(),
            _guard: guard,
            length: metadata.len(),
            modified: metadata
                .modified()
                .map_err(|_| error(ErrorKind::DatabaseRead, "snapshot modified time"))?,
        })
    }

    fn verify(&self) -> Result<()> {
        reject_sidecars(&self.path)?;
        let current = fs::metadata(&self.path)
            .map_err(|_| error(ErrorKind::SnapshotChanged, "snapshot disappeared"))?;
        if current.len() != self.length || current.modified().ok() != Some(self.modified) {
            return Err(error(ErrorKind::SnapshotChanged, "snapshot modified"));
        }
        Ok(())
    }
}

#[cfg(test)]
#[path = "database_media_tests.rs"]
mod tests;
